<!DOCTYPE html>
<html>
    <head>
        <meta charset="UTF-8" />
        <meta http-equiv="refresh" content="0;url='http://127.0.0.1:8000/training-sessions/create'" />

        <title>Redirecting to http://127.0.0.1:8000/training-sessions/create</title>
    </head>
    <body>
        Redirecting to <a href="http://127.0.0.1:8000/training-sessions/create">http://127.0.0.1:8000/training-sessions/create</a>.
    </body>
</html>